[PIPELINE] Bat dau quy trinh tu dong dang YouTube Short...
[SUCCESS] San sang file Short: D:/TNT_AI/venture_foundry/media/output/Tự làm/mua_thu_short.mp4
[UPLOAD] Tien trinh Shorts: 1%
[UPLOAD] Tien trinh Shorts: 2%
[UPLOAD] Tien trinh Shorts: 3%
[UPLOAD] Tien trinh Shorts: 5%
[UPLOAD] Tien trinh Shorts: 6%
[UPLOAD] Tien trinh Shorts: 7%
[UPLOAD] Tien trinh Shorts: 9%
[UPLOAD] Tien trinh Shorts: 10%
[UPLOAD] Tien trinh Shorts: 11%
[UPLOAD] Tien trinh Shorts: 12%
[UPLOAD] Tien trinh Shorts: 14%
[UPLOAD] Tien trinh Shorts: 15%
[UPLOAD] Tien trinh Shorts: 16%
[UPLOAD] Tien trinh Shorts: 18%
[UPLOAD] Tien trinh Shorts: 19%
[UPLOAD] Tien trinh Shorts: 20%
[UPLOAD] Tien trinh Shorts: 21%
[UPLOAD] Tien trinh Shorts: 23%
[UPLOAD] Tien trinh Shorts: 24%
[UPLOAD] Tien trinh Shorts: 25%
[UPLOAD] Tien trinh Shorts: 27%
[UPLOAD] Tien trinh Shorts: 28%
[UPLOAD] Tien trinh Shorts: 29%
[UPLOAD] Tien trinh Shorts: 31%
[UPLOAD] Tien trinh Shorts: 32%
[UPLOAD] Tien trinh Shorts: 33%
[UPLOAD] Tien trinh Shorts: 34%
[UPLOAD] Tien trinh Shorts: 36%
[UPLOAD] Tien trinh Shorts: 37%
[UPLOAD] Tien trinh Shorts: 38%
[UPLOAD] Tien trinh Shorts: 40%
[UPLOAD] Tien trinh Shorts: 41%
[UPLOAD] Tien trinh Shorts: 42%
[UPLOAD] Tien trinh Shorts: 43%
[UPLOAD] Tien trinh Shorts: 45%
[UPLOAD] Tien trinh Shorts: 46%
[UPLOAD] Tien trinh Shorts: 47%
[UPLOAD] Tien trinh Shorts: 49%
[UPLOAD] Tien trinh Shorts: 50%
[UPLOAD] Tien trinh Shorts: 51%
[UPLOAD] Tien trinh Shorts: 52%
[UPLOAD] Tien trinh Shorts: 54%
[UPLOAD] Tien trinh Shorts: 55%
[UPLOAD] Tien trinh Shorts: 56%
[UPLOAD] Tien trinh Shorts: 58%
[UPLOAD] Tien trinh Shorts: 59%
[UPLOAD] Tien trinh Shorts: 60%
[UPLOAD] Tien trinh Shorts: 62%
[UPLOAD] Tien trinh Shorts: 63%
[UPLOAD] Tien trinh Shorts: 64%
[UPLOAD] Tien trinh Shorts: 65%
[UPLOAD] Tien trinh Shorts: 67%
[UPLOAD] Tien trinh Shorts: 68%
[UPLOAD] Tien trinh Shorts: 69%
[UPLOAD] Tien trinh Shorts: 71%
[UPLOAD] Tien trinh Shorts: 72%
[UPLOAD] Tien trinh Shorts: 73%
[UPLOAD] Tien trinh Shorts: 74%
[UPLOAD] Tien trinh Shorts: 76%
[UPLOAD] Tien trinh Shorts: 77%
[UPLOAD] Tien trinh Shorts: 78%
[UPLOAD] Tien trinh Shorts: 80%
[UPLOAD] Tien trinh Shorts: 81%
[UPLOAD] Tien trinh Shorts: 82%
[UPLOAD] Tien trinh Shorts: 84%
[UPLOAD] Tien trinh Shorts: 85%
[UPLOAD] Tien trinh Shorts: 86%
[UPLOAD] Tien trinh Shorts: 87%
[UPLOAD] Tien trinh Shorts: 89%
[UPLOAD] Tien trinh Shorts: 90%
[UPLOAD] Tien trinh Shorts: 91%
[UPLOAD] Tien trinh Shorts: 93%
[UPLOAD] Tien trinh Shorts: 94%
[UPLOAD] Tien trinh Shorts: 95%
[UPLOAD] Tien trinh Shorts: 96%
[UPLOAD] Tien trinh Shorts: 98%
[UPLOAD] Tien trinh Shorts: 99%
[SUCCESS] Dang YouTube Short thanh công! Video ID: 3F4J39rYKEY
[LINK] https://youtu.be/3F4J39rYKEY
